START
RESULTSFILE OP2-RESULTS
DOCUMENTID ccafff8c-96cf-42cc-a9cd-ee6298390914
MODELVERSION e7a221bb-875d-4d41-be42-88860f34f62f
TOOLPATHID 104
TOOLPATH probe circularity
G331 N1 A180. B0. C75. X-3.8029 Y1.019 Z46.2978
G330 N1 A0. B0. C0. X0 Y0 Z0 I0 R0
CALIBRATED RADIUS .1175
ECCENTRICITY X    -.0002
ECCENTRICITY Y    -.0000
TOOLPATHID 104
TOOLPATH probe circularity
G331 N1 A180. B0. C75. X-3.8029 Y1.019 Z46.2978
G330 N1 A0. B0. C0. X0 Y0 Z0 I0 R0
G800 N1 X2.8107 Y4.5344 Z7.408 I0.97815 J0.20791 K0. O0. U0.004 L-0.004
G801 N1 X2.9118 Y4.5560 Z7.4080 R.1175
G800 N2 X2.4885 Y5.3738 Z7.408 I0.86603 J0.5 K0. O0. U0.004 L-0.004
G801 N2 X2.5782 Y5.4255 Z7.4080 R.1175
G800 N3 X1.9227 Y6.0724 Z7.408 I0.66913 J0.74314 K0. O0. U0.004 L-0.004
G801 N3 X1.9920 Y6.1496 Z7.4080 R.1175
G800 N4 X1.1688 Y6.5621 Z7.408 I0.40674 J0.91355 K0. O0. U0.004 L-0.004
G801 N4 X1.2111 Y6.6571 Z7.4080 R.1175
G800 N5 X0.3004 Y6.7948 Z7.408 I0.10453 J0.99452 K0. O0. U0.004 L-0.004
G801 N5 X.3113 Y6.8987 Z7.4080 R.1175
G800 N6 X-0.5974 Y6.7477 Z7.408 I-0.20791 J0.97815 K0. O0. U0.004 L-0.004
G801 N6 X-.6193 Y6.8503 Z7.4080 R.1175
G800 N7 X-1.4367 Y6.4255 Z7.408 I-0.5 J0.86603 K0. O0. U0.004 L-0.004
G801 N7 X-1.4895 Y6.5169 Z7.4080 R.1175
G800 N8 X-2.1354 Y5.8598 Z7.408 I-0.74314 J0.66913 K0. O0. U0.004 L-0.004
G801 N8 X-2.2143 Y5.9307 Z7.4080 R.1175
G800 N9 X-2.6251 Y5.1058 Z7.408 I-0.91355 J0.40674 K0. O0. U0.004 L-0.004
G801 N9 X-2.7221 Y5.1490 Z7.4080 R.1175
G800 N10 X-2.8578 Y4.2374 Z7.408 I-0.99452 J0.10453 K0. O0. U0.004 L-0.004
G801 N10 X-2.9637 Y4.2485 Z7.4080 R.1175
G800 N11 X-2.8107 Y3.3396 Z7.408 I-0.97815 J-0.20791 K0. O0. U0.004 L-0.004
G801 N11 X-2.9149 Y3.3175 Z7.4080 R.1175
G800 N12 X-2.4885 Y2.5003 Z7.408 I-0.86603 J-0.5 K0. O0. U0.004 L-0.004
G801 N12 X-2.5803 Y2.4473 Z7.4080 R.1175
G800 N13 X-1.9227 Y1.8016 Z7.408 I-0.66913 J-0.74314 K0. O0. U0.004 L-0.004
G801 N13 X-1.9936 Y1.7230 Z7.4080 R.1175
G800 N14 X-1.1688 Y1.3119 Z7.408 I-0.40674 J-0.91355 K0. O0. U0.004 L-0.004
G801 N14 X-1.2117 Y1.2158 Z7.4080 R.1175
G800 N15 X-0.3004 Y1.0792 Z7.408 I-0.10453 J-0.99452 K0. O0. U0.004 L-0.004
G801 N15 X-.3113 Y.9747 Z7.4080 R.1175
G800 N16 X0.5974 Y1.1263 Z7.408 I0.20791 J-0.97815 K0. O0. U0.004 L-0.004
G801 N16 X.6193 Y1.0241 Z7.4080 R.1175
G800 N17 X1.4367 Y1.4485 Z7.408 I0.5 J-0.86603 K0. O0. U0.004 L-0.004
G801 N17 X1.4888 Y1.3585 Z7.4080 R.1175
G800 N18 X2.1354 Y2.0143 Z7.408 I0.74314 J-0.66913 K0. O0. U0.004 L-0.004
G801 N18 X2.2126 Y1.9450 Z7.4080 R.1175
G800 N19 X2.6251 Y2.7683 Z7.408 I0.91355 J-0.40674 K0. O0. U0.004 L-0.004
G801 N19 X2.7194 Y2.7263 Z7.4080 R.1175
G800 N20 X2.8578 Y3.6366 Z7.408 I0.99452 J-0.10453 K0. O0. U0.004 L-0.004
G801 N20 X2.9607 Y3.6259 Z7.4080 R.1175
END
